
> rizwanul-portfolio@0.1.0 build
> next build --webpack

Γû▓ Next.js 16.1.0 (webpack)
- Environments: .env.local
- Experiments (use with caution):
  Γ£ô optimizeCss
  ┬╖ optimizePackageImports

  Creating an optimized production build ...
 Γ£ô (pwa) Compiling for server...
 Γ£ô (pwa) Compiling for server...
 Γ£ô (pwa) Compiling for client (static)...
 Γùï (pwa) Service worker: D:\Personal Resume\rizwanul-portfolio\public\sw.js
 Γùï (pwa)   URL: /sw.js
 Γùï (pwa)   Scope: /
Γ£ô Compiled successfully in 7.3s
  Running TypeScript ...
  Collecting page data using 11 workers ...
  Generating static pages using 11 workers (0/77) ...
node.exe : Error occurred prerendering page 
"/blog/README_trailheadline_TEMPLATE". Read more: 
https://nextjs.org/docs/messages/prerender-error
At E:\Gaari files\npm.ps1:29 char:3
+   & $NODE_EXE $NPM_CLI_JS $args
+   ~~~~~~~~~~~~~~~~~~~~~~~~~~~~~
    + CategoryInfo          : NotSpecified: (Error occurred  
   ...prerender-error:String) [], RemoteException
    + FullyQualifiedErrorId : NativeCommandError
 
TypeError: Cannot read properties of undefined (reading 
'startsWith')
    at ag (D:\Personal Resume\rizwanul-portfolio\.next\server
\app\blog\[slug]\page.js:1:22605) {
  digest: '1134752361'
}
Export encountered an error on /blog/[slug]/page: 
/blog/README_trailheadline_TEMPLATE, exiting the build.
Error occurred prerendering page "/sitemap.xml". Read more: 
https://nextjs.org/docs/messages/prerender-error
RangeError: Invalid time value
    at Date1.toISOString (<anonymous>)
    at h (D:\Personal Resume\rizwanul-portfolio\.next\server\
app\robots.txt\route.js:13:102)
    at j (D:\Personal Resume\rizwanul-portfolio\.next\server\
app\robots.txt\route.js:16:134)
    at B (D:\Personal Resume\rizwanul-portfolio\.next\server\
app\sitemap.xml\route.js:43:2620)
Export encountered an error on /sitemap.xml/route: 
/sitemap.xml, exiting the build.
Γ¿» Next.js build worker exited with code: 1 and signal: null
